// Jest Snapshot v1, https://goo.gl/fbAQLP

exports[`SettingsTab render 1`] = `
<View
  style={
    [
      {
        "flex": 1,
      },
      undefined,
    ]
  }
>
  <RNSScreenStack
    style={
      {
        "flex": 1,
      }
    }
  >
    <RNSScreen
      collapsable={false}
      fullScreenSwipeShadowEnabled={false}
      gestureResponseDistance={
        {
          "bottom": -1,
          "end": -1,
          "start": -1,
          "top": -1,
        }
      }
      hasLargeHeader={false}
      nativeBackButtonDismissalEnabled={false}
      onAppear={[Function]}
      onDisappear={[Function]}
      onDismissed={[Function]}
      onGestureCancel={[Function]}
      onHeaderBackButtonClicked={[Function]}
      onNativeDismissCancelled={[Function]}
      onTransitionProgress={[Function]}
      onWillAppear={[Function]}
      onWillDisappear={[Function]}
      replaceAnimation="push"
      sheetAllowedDetents="large"
      sheetCornerRadius={-1}
      sheetExpandsWhenScrolledToEdge={true}
      sheetGrabberVisible={false}
      sheetLargestUndimmedDetent="all"
      stackPresentation="push"
      style={
        {
          "bottom": 0,
          "left": 0,
          "position": "absolute",
          "right": 0,
          "top": 0,
        }
      }
      swipeDirection="horizontal"
    >
      <View
        accessibilityElementsHidden={false}
        importantForAccessibility="auto"
        style={
          {
            "flex": 1,
            "flexDirection": "column-reverse",
          }
        }
      >
        <View
          collapsable={false}
          style={
            [
              {
                "flex": 1,
              },
              {
                "backgroundColor": "white",
              },
              undefined,
            ]
          }
        >
          <View
            style={
              {
                "backgroundColor": "#ffffff",
                "flex": 1,
              }
            }
          >
            <RCTScrollView>
              <View>
                <View
                  accessibilityState={
                    {
                      "busy": undefined,
                      "checked": undefined,
                      "disabled": undefined,
                      "expanded": undefined,
                      "selected": undefined,
                    }
                  }
                  accessibilityValue={
                    {
                      "max": undefined,
                      "min": undefined,
                      "now": undefined,
                      "text": undefined,
                    }
                  }
                  accessible={true}
                  collapsable={false}
                  focusable={true}
                  onBlur={[Function]}
                  onClick={[Function]}
                  onFocus={[Function]}
                  onResponderGrant={[Function]}
                  onResponderMove={[Function]}
                  onResponderRelease={[Function]}
                  onResponderTerminate={[Function]}
                  onResponderTerminationRequest={[Function]}
                  onStartShouldSetResponder={[Function]}
                >
                  <View
                    style={
                      {
                        "alignItems": "center",
                        "backgroundColor": "#ffffff",
                        "borderColor": "#bcbbc1",
                        "flexDirection": "row",
                        "padding": 12,
                      }
                    }
                    testID="RNE__LISTITEM__padView"
                  >
                    <View
                      style={
                        [
                          {
                            "alignItems": "flex-start",
                            "flex": 1,
                            "justifyContent": "center",
                          },
                          undefined,
                        ]
                      }
                    >
                      <Text
                        style={
                          [
                            {
                              "color": "black",
                            },
                            {
                              "fontSize": 14,
                            },
                            undefined,
                          ]
                        }
                      >
                        ソート
                      </Text>
                    </View>
                    <View
                      style={
                        {
                          "paddingLeft": 16,
                        }
                      }
                    />
                    <View
                      style={
                        {
                          "alignItems": "flex-end",
                          "justifyContent": "center",
                        }
                      }
                    >
                      <Icon
                        name="navigate-next"
                        size={16}
                      />
                    </View>
                  </View>
                </View>
                <View
                  accessibilityState={
                    {
                      "busy": undefined,
                      "checked": undefined,
                      "disabled": undefined,
                      "expanded": undefined,
                      "selected": undefined,
                    }
                  }
                  accessibilityValue={
                    {
                      "max": undefined,
                      "min": undefined,
                      "now": undefined,
                      "text": undefined,
                    }
                  }
                  accessible={true}
                  collapsable={false}
                  focusable={true}
                  onBlur={[Function]}
                  onClick={[Function]}
                  onFocus={[Function]}
                  onResponderGrant={[Function]}
                  onResponderMove={[Function]}
                  onResponderRelease={[Function]}
                  onResponderTerminate={[Function]}
                  onResponderTerminationRequest={[Function]}
                  onStartShouldSetResponder={[Function]}
                >
                  <View
                    style={
                      {
                        "alignItems": "center",
                        "backgroundColor": "#ffffff",
                        "borderColor": "#bcbbc1",
                        "flexDirection": "row",
                        "padding": 12,
                      }
                    }
                    testID="RNE__LISTITEM__padView"
                  >
                    <View
                      style={
                        [
                          {
                            "alignItems": "flex-start",
                            "flex": 1,
                            "justifyContent": "center",
                          },
                          undefined,
                        ]
                      }
                    >
                      <Text
                        style={
                          [
                            {
                              "color": "black",
                            },
                            {
                              "fontSize": 14,
                            },
                            undefined,
                          ]
                        }
                      >
                        イベント履歴
                      </Text>
                    </View>
                    <View
                      style={
                        {
                          "paddingLeft": 16,
                        }
                      }
                    />
                    <View
                      style={
                        {
                          "alignItems": "flex-end",
                          "justifyContent": "center",
                        }
                      }
                    >
                      <Icon
                        name="navigate-next"
                        size={16}
                      />
                    </View>
                  </View>
                </View>
                <View
                  replaceTheme={[Function]}
                  updateTheme={[Function]}
                >
                  <View
                    style={
                      {
                        "alignItems": "center",
                        "backgroundColor": "hsl(208, 8%, 90%)",
                        "borderColor": "#bcbbc1",
                        "flexDirection": "row",
                        "padding": 14,
                      }
                    }
                    testID="RNE__LISTITEM__padView"
                  >
                    <Text
                      accessibilityRole="text"
                      style={
                        {
                          "backgroundColor": "transparent",
                          "color": "#242424",
                          "fontSize": 17,
                        }
                      }
                      testID="listItemTitle"
                    >
                      <Text
                        style={
                          [
                            {
                              "color": "black",
                            },
                            {
                              "fontSize": 14,
                            },
                            {
                              "color": "#242424",
                              "fontWeight": "bold",
                            },
                          ]
                        }
                      >
                        ポリシー
                      </Text>
                    </Text>
                  </View>
                </View>
                <View
                  accessibilityState={
                    {
                      "busy": undefined,
                      "checked": undefined,
                      "disabled": undefined,
                      "expanded": undefined,
                      "selected": undefined,
                    }
                  }
                  accessibilityValue={
                    {
                      "max": undefined,
                      "min": undefined,
                      "now": undefined,
                      "text": undefined,
                    }
                  }
                  accessible={true}
                  collapsable={false}
                  focusable={true}
                  onBlur={[Function]}
                  onClick={[Function]}
                  onFocus={[Function]}
                  onResponderGrant={[Function]}
                  onResponderMove={[Function]}
                  onResponderRelease={[Function]}
                  onResponderTerminate={[Function]}
                  onResponderTerminationRequest={[Function]}
                  onStartShouldSetResponder={[Function]}
                >
                  <View
                    style={
                      {
                        "alignItems": "center",
                        "backgroundColor": "#ffffff",
                        "borderColor": "#bcbbc1",
                        "flexDirection": "row",
                        "padding": 12,
                      }
                    }
                    testID="RNE__LISTITEM__padView"
                  >
                    <View
                      style={
                        [
                          {
                            "alignItems": "flex-start",
                            "flex": 1,
                            "justifyContent": "center",
                          },
                          undefined,
                        ]
                      }
                    >
                      <Text
                        style={
                          [
                            {
                              "color": "black",
                            },
                            {
                              "fontSize": 14,
                            },
                            undefined,
                          ]
                        }
                      >
                        利用規約
                      </Text>
                    </View>
                    <View
                      style={
                        {
                          "paddingLeft": 16,
                        }
                      }
                    />
                    <View
                      style={
                        {
                          "alignItems": "flex-end",
                          "justifyContent": "center",
                        }
                      }
                    >
                      <Icon
                        name="navigate-next"
                        size={16}
                      />
                    </View>
                  </View>
                </View>
                <View
                  accessibilityState={
                    {
                      "busy": undefined,
                      "checked": undefined,
                      "disabled": undefined,
                      "expanded": undefined,
                      "selected": undefined,
                    }
                  }
                  accessibilityValue={
                    {
                      "max": undefined,
                      "min": undefined,
                      "now": undefined,
                      "text": undefined,
                    }
                  }
                  accessible={true}
                  collapsable={false}
                  focusable={true}
                  onBlur={[Function]}
                  onClick={[Function]}
                  onFocus={[Function]}
                  onResponderGrant={[Function]}
                  onResponderMove={[Function]}
                  onResponderRelease={[Function]}
                  onResponderTerminate={[Function]}
                  onResponderTerminationRequest={[Function]}
                  onStartShouldSetResponder={[Function]}
                >
                  <View
                    style={
                      {
                        "alignItems": "center",
                        "backgroundColor": "#ffffff",
                        "borderColor": "#bcbbc1",
                        "flexDirection": "row",
                        "padding": 12,
                      }
                    }
                    testID="RNE__LISTITEM__padView"
                  >
                    <View
                      style={
                        [
                          {
                            "alignItems": "flex-start",
                            "flex": 1,
                            "justifyContent": "center",
                          },
                          undefined,
                        ]
                      }
                    >
                      <Text
                        style={
                          [
                            {
                              "color": "black",
                            },
                            {
                              "fontSize": 14,
                            },
                            undefined,
                          ]
                        }
                      >
                        プライバシーポリシー
                      </Text>
                    </View>
                    <View
                      style={
                        {
                          "paddingLeft": 16,
                        }
                      }
                    />
                    <View
                      style={
                        {
                          "alignItems": "flex-end",
                          "justifyContent": "center",
                        }
                      }
                    >
                      <Icon
                        name="navigate-next"
                        size={16}
                      />
                    </View>
                  </View>
                </View>
                <View
                  accessibilityState={
                    {
                      "busy": undefined,
                      "checked": undefined,
                      "disabled": undefined,
                      "expanded": undefined,
                      "selected": undefined,
                    }
                  }
                  accessibilityValue={
                    {
                      "max": undefined,
                      "min": undefined,
                      "now": undefined,
                      "text": undefined,
                    }
                  }
                  accessible={true}
                  collapsable={false}
                  focusable={true}
                  onBlur={[Function]}
                  onClick={[Function]}
                  onFocus={[Function]}
                  onResponderGrant={[Function]}
                  onResponderMove={[Function]}
                  onResponderRelease={[Function]}
                  onResponderTerminate={[Function]}
                  onResponderTerminationRequest={[Function]}
                  onStartShouldSetResponder={[Function]}
                >
                  <View
                    style={
                      {
                        "alignItems": "center",
                        "backgroundColor": "#ffffff",
                        "borderColor": "#bcbbc1",
                        "flexDirection": "row",
                        "padding": 12,
                      }
                    }
                    testID="RNE__LISTITEM__padView"
                  >
                    <View
                      style={
                        [
                          {
                            "alignItems": "flex-start",
                            "flex": 1,
                            "justifyContent": "center",
                          },
                          undefined,
                        ]
                      }
                    >
                      <Text
                        style={
                          [
                            {
                              "color": "black",
                            },
                            {
                              "fontSize": 14,
                            },
                            undefined,
                          ]
                        }
                      >
                        ファンクラブデータ規約
                      </Text>
                    </View>
                    <View
                      style={
                        {
                          "paddingLeft": 16,
                        }
                      }
                    />
                    <View
                      style={
                        {
                          "alignItems": "flex-end",
                          "justifyContent": "center",
                        }
                      }
                    >
                      <Icon
                        name="navigate-next"
                        size={16}
                      />
                    </View>
                  </View>
                </View>
                <View
                  replaceTheme={[Function]}
                  updateTheme={[Function]}
                >
                  <View
                    style={
                      {
                        "alignItems": "center",
                        "backgroundColor": "hsl(208, 8%, 90%)",
                        "borderColor": "#bcbbc1",
                        "flexDirection": "row",
                        "padding": 14,
                      }
                    }
                    testID="RNE__LISTITEM__padView"
                  >
                    <Text
                      accessibilityRole="text"
                      style={
                        {
                          "backgroundColor": "transparent",
                          "color": "#242424",
                          "fontSize": 17,
                        }
                      }
                      testID="listItemTitle"
                    >
                      <Text
                        style={
                          [
                            {
                              "color": "black",
                            },
                            {
                              "fontSize": 14,
                            },
                            {
                              "color": "#242424",
                              "fontWeight": "bold",
                            },
                          ]
                        }
                      >
                        設定
                      </Text>
                    </Text>
                  </View>
                </View>
                <View
                  accessibilityState={
                    {
                      "busy": undefined,
                      "checked": undefined,
                      "disabled": undefined,
                      "expanded": undefined,
                      "selected": undefined,
                    }
                  }
                  accessibilityValue={
                    {
                      "max": undefined,
                      "min": undefined,
                      "now": undefined,
                      "text": undefined,
                    }
                  }
                  accessible={true}
                  collapsable={false}
                  focusable={true}
                  onBlur={[Function]}
                  onClick={[Function]}
                  onFocus={[Function]}
                  onResponderGrant={[Function]}
                  onResponderMove={[Function]}
                  onResponderRelease={[Function]}
                  onResponderTerminate={[Function]}
                  onResponderTerminationRequest={[Function]}
                  onStartShouldSetResponder={[Function]}
                >
                  <View
                    style={
                      {
                        "alignItems": "center",
                        "backgroundColor": "#ffffff",
                        "borderColor": "#bcbbc1",
                        "flexDirection": "row",
                        "padding": 12,
                      }
                    }
                    testID="RNE__LISTITEM__padView"
                  >
                    <View
                      style={
                        [
                          {
                            "alignItems": "flex-start",
                            "flex": 1,
                            "justifyContent": "center",
                          },
                          undefined,
                        ]
                      }
                    >
                      <Text
                        style={
                          [
                            {
                              "color": "black",
                            },
                            {
                              "fontSize": 14,
                            },
                            undefined,
                          ]
                        }
                      >
                        テーマの設定
                      </Text>
                    </View>
                    <View
                      style={
                        {
                          "paddingLeft": 16,
                        }
                      }
                    />
                    <View
                      style={
                        {
                          "alignItems": "flex-end",
                          "justifyContent": "center",
                        }
                      }
                    >
                      <Icon
                        name="navigate-next"
                        size={16}
                      />
                    </View>
                  </View>
                </View>
                <View
                  replaceTheme={[Function]}
                  style={
                    {
                      "borderBottomColor": "#bcbbc1",
                      "borderBottomWidth": 0.5,
                    }
                  }
                  testID="RNE__Divider"
                  theme={
                    {
                      "colors": {
                        "background": "#ffffff",
                        "black": "#242424",
                        "disabled": "hsl(208, 8%, 90%)",
                        "divider": "#bcbbc1",
                        "error": "#ff190c",
                        "grey0": "#393e42",
                        "grey1": "#43484d",
                        "grey2": "#5e6977",
                        "grey3": "#86939e",
                        "grey4": "#bdc6cf",
                        "grey5": "#e1e8ee",
                        "greyOutline": "#bbb",
                        "platform": {
                          "android": {
                            "error": "#f44336",
                            "grey": "rgba(0, 0, 0, 0.54)",
                            "primary": "#2196f3",
                            "searchBg": "#dcdce1",
                            "secondary": "#9C27B0",
                            "success": "#4caf50",
                            "warning": "#ffeb3b",
                          },
                          "default": {
                            "error": "#ff3b30",
                            "grey": "#7d7d7d",
                            "primary": "#007aff",
                            "searchBg": "#dcdce1",
                            "secondary": "#5856d6",
                            "success": "#4cd964",
                            "warning": "#ffcc00",
                          },
                          "ios": {
                            "error": "#ff3b30",
                            "grey": "#7d7d7d",
                            "primary": "#007aff",
                            "searchBg": "#dcdce1",
                            "secondary": "#5856d6",
                            "success": "#4cd964",
                            "warning": "#ffcc00",
                          },
                          "web": {
                            "error": "#ff190c",
                            "grey": "#393e42",
                            "primary": "#2089dc",
                            "searchBg": "#303337",
                            "secondary": "#ca71eb",
                            "success": "#52c41a",
                            "warning": "#faad14",
                          },
                        },
                        "primary": "#0075c2",
                        "searchBg": "#303337",
                        "secondary": "#e5007f",
                        "success": "#52c41a",
                        "warning": "#faad14",
                        "white": "#ffffff",
                      },
                      "mode": "light",
                      "spacing": {
                        "lg": 12,
                        "md": 8,
                        "sm": 4,
                        "xl": 24,
                        "xs": 2,
                      },
                    }
                  }
                  updateTheme={[Function]}
                />
                <View
                  accessibilityState={
                    {
                      "busy": undefined,
                      "checked": undefined,
                      "disabled": undefined,
                      "expanded": undefined,
                      "selected": undefined,
                    }
                  }
                  accessibilityValue={
                    {
                      "max": undefined,
                      "min": undefined,
                      "now": undefined,
                      "text": undefined,
                    }
                  }
                  accessible={true}
                  collapsable={false}
                  focusable={true}
                  onBlur={[Function]}
                  onClick={[Function]}
                  onFocus={[Function]}
                  onResponderGrant={[Function]}
                  onResponderMove={[Function]}
                  onResponderRelease={[Function]}
                  onResponderTerminate={[Function]}
                  onResponderTerminationRequest={[Function]}
                  onStartShouldSetResponder={[Function]}
                >
                  <View
                    style={
                      {
                        "alignItems": "center",
                        "backgroundColor": "#ffffff",
                        "borderColor": "#bcbbc1",
                        "flexDirection": "row",
                        "padding": 12,
                      }
                    }
                    testID="RNE__LISTITEM__padView"
                  >
                    <View
                      style={
                        [
                          {
                            "alignItems": "flex-start",
                            "flex": 1,
                            "justifyContent": "center",
                          },
                          undefined,
                        ]
                      }
                    >
                      <Text
                        style={
                          [
                            {
                              "color": "black",
                            },
                            {
                              "fontSize": 14,
                            },
                            undefined,
                          ]
                        }
                      >
                        ファンクラブ設定
                      </Text>
                    </View>
                    <View
                      style={
                        {
                          "paddingLeft": 16,
                        }
                      }
                    />
                    <View
                      style={
                        {
                          "alignItems": "flex-end",
                          "justifyContent": "center",
                        }
                      }
                    >
                      <Icon
                        name="navigate-next"
                        size={16}
                      />
                    </View>
                  </View>
                </View>
                <View
                  replaceTheme={[Function]}
                  style={
                    {
                      "borderBottomColor": "#bcbbc1",
                      "borderBottomWidth": 0.5,
                    }
                  }
                  testID="RNE__Divider"
                  theme={
                    {
                      "colors": {
                        "background": "#ffffff",
                        "black": "#242424",
                        "disabled": "hsl(208, 8%, 90%)",
                        "divider": "#bcbbc1",
                        "error": "#ff190c",
                        "grey0": "#393e42",
                        "grey1": "#43484d",
                        "grey2": "#5e6977",
                        "grey3": "#86939e",
                        "grey4": "#bdc6cf",
                        "grey5": "#e1e8ee",
                        "greyOutline": "#bbb",
                        "platform": {
                          "android": {
                            "error": "#f44336",
                            "grey": "rgba(0, 0, 0, 0.54)",
                            "primary": "#2196f3",
                            "searchBg": "#dcdce1",
                            "secondary": "#9C27B0",
                            "success": "#4caf50",
                            "warning": "#ffeb3b",
                          },
                          "default": {
                            "error": "#ff3b30",
                            "grey": "#7d7d7d",
                            "primary": "#007aff",
                            "searchBg": "#dcdce1",
                            "secondary": "#5856d6",
                            "success": "#4cd964",
                            "warning": "#ffcc00",
                          },
                          "ios": {
                            "error": "#ff3b30",
                            "grey": "#7d7d7d",
                            "primary": "#007aff",
                            "searchBg": "#dcdce1",
                            "secondary": "#5856d6",
                            "success": "#4cd964",
                            "warning": "#ffcc00",
                          },
                          "web": {
                            "error": "#ff190c",
                            "grey": "#393e42",
                            "primary": "#2089dc",
                            "searchBg": "#303337",
                            "secondary": "#ca71eb",
                            "success": "#52c41a",
                            "warning": "#faad14",
                          },
                        },
                        "primary": "#0075c2",
                        "searchBg": "#303337",
                        "secondary": "#e5007f",
                        "success": "#52c41a",
                        "warning": "#faad14",
                        "white": "#ffffff",
                      },
                      "mode": "light",
                      "spacing": {
                        "lg": 12,
                        "md": 8,
                        "sm": 4,
                        "xl": 24,
                        "xs": 2,
                      },
                    }
                  }
                  updateTheme={[Function]}
                />
                <View
                  accessibilityState={
                    {
                      "busy": undefined,
                      "checked": undefined,
                      "disabled": undefined,
                      "expanded": undefined,
                      "selected": undefined,
                    }
                  }
                  accessibilityValue={
                    {
                      "max": undefined,
                      "min": undefined,
                      "now": undefined,
                      "text": undefined,
                    }
                  }
                  accessible={true}
                  collapsable={false}
                  focusable={true}
                  onBlur={[Function]}
                  onClick={[Function]}
                  onFocus={[Function]}
                  onResponderGrant={[Function]}
                  onResponderMove={[Function]}
                  onResponderRelease={[Function]}
                  onResponderTerminate={[Function]}
                  onResponderTerminationRequest={[Function]}
                  onStartShouldSetResponder={[Function]}
                >
                  <View
                    style={
                      {
                        "alignItems": "center",
                        "backgroundColor": "#ffffff",
                        "borderColor": "#bcbbc1",
                        "flexDirection": "row",
                        "padding": 12,
                      }
                    }
                    testID="RNE__LISTITEM__padView"
                  >
                    <View
                      style={
                        [
                          {
                            "alignItems": "flex-start",
                            "flex": 1,
                            "justifyContent": "center",
                          },
                          undefined,
                        ]
                      }
                    >
                      <Text
                        style={
                          [
                            {
                              "color": "black",
                            },
                            {
                              "fontSize": 14,
                            },
                            undefined,
                          ]
                        }
                      >
                        アカウント
                      </Text>
                    </View>
                    <View
                      style={
                        {
                          "paddingLeft": 16,
                        }
                      }
                    />
                    <View
                      style={
                        {
                          "alignItems": "flex-end",
                          "justifyContent": "center",
                        }
                      }
                    >
                      <Icon
                        name="navigate-next"
                        size={16}
                      />
                    </View>
                  </View>
                </View>
                <View
                  replaceTheme={[Function]}
                  style={
                    {
                      "borderBottomColor": "#bcbbc1",
                      "borderBottomWidth": 0.5,
                    }
                  }
                  testID="RNE__Divider"
                  theme={
                    {
                      "colors": {
                        "background": "#ffffff",
                        "black": "#242424",
                        "disabled": "hsl(208, 8%, 90%)",
                        "divider": "#bcbbc1",
                        "error": "#ff190c",
                        "grey0": "#393e42",
                        "grey1": "#43484d",
                        "grey2": "#5e6977",
                        "grey3": "#86939e",
                        "grey4": "#bdc6cf",
                        "grey5": "#e1e8ee",
                        "greyOutline": "#bbb",
                        "platform": {
                          "android": {
                            "error": "#f44336",
                            "grey": "rgba(0, 0, 0, 0.54)",
                            "primary": "#2196f3",
                            "searchBg": "#dcdce1",
                            "secondary": "#9C27B0",
                            "success": "#4caf50",
                            "warning": "#ffeb3b",
                          },
                          "default": {
                            "error": "#ff3b30",
                            "grey": "#7d7d7d",
                            "primary": "#007aff",
                            "searchBg": "#dcdce1",
                            "secondary": "#5856d6",
                            "success": "#4cd964",
                            "warning": "#ffcc00",
                          },
                          "ios": {
                            "error": "#ff3b30",
                            "grey": "#7d7d7d",
                            "primary": "#007aff",
                            "searchBg": "#dcdce1",
                            "secondary": "#5856d6",
                            "success": "#4cd964",
                            "warning": "#ffcc00",
                          },
                          "web": {
                            "error": "#ff190c",
                            "grey": "#393e42",
                            "primary": "#2089dc",
                            "searchBg": "#303337",
                            "secondary": "#ca71eb",
                            "success": "#52c41a",
                            "warning": "#faad14",
                          },
                        },
                        "primary": "#0075c2",
                        "searchBg": "#303337",
                        "secondary": "#e5007f",
                        "success": "#52c41a",
                        "warning": "#faad14",
                        "white": "#ffffff",
                      },
                      "mode": "light",
                      "spacing": {
                        "lg": 12,
                        "md": 8,
                        "sm": 4,
                        "xl": 24,
                        "xs": 2,
                      },
                    }
                  }
                  updateTheme={[Function]}
                />
                <View
                  accessibilityState={
                    {
                      "busy": undefined,
                      "checked": undefined,
                      "disabled": undefined,
                      "expanded": undefined,
                      "selected": undefined,
                    }
                  }
                  accessibilityValue={
                    {
                      "max": undefined,
                      "min": undefined,
                      "now": undefined,
                      "text": undefined,
                    }
                  }
                  accessible={true}
                  collapsable={false}
                  focusable={true}
                  onBlur={[Function]}
                  onClick={[Function]}
                  onFocus={[Function]}
                  onResponderGrant={[Function]}
                  onResponderMove={[Function]}
                  onResponderRelease={[Function]}
                  onResponderTerminate={[Function]}
                  onResponderTerminationRequest={[Function]}
                  onStartShouldSetResponder={[Function]}
                >
                  <View
                    style={
                      {
                        "alignItems": "center",
                        "backgroundColor": "#ffffff",
                        "borderColor": "#bcbbc1",
                        "flexDirection": "row",
                        "padding": 12,
                      }
                    }
                    testID="RNE__LISTITEM__padView"
                  >
                    <View
                      style={
                        [
                          {
                            "alignItems": "flex-start",
                            "flex": 1,
                            "justifyContent": "center",
                          },
                          undefined,
                        ]
                      }
                    >
                      <Text
                        style={
                          [
                            {
                              "color": "black",
                            },
                            {
                              "fontSize": 14,
                            },
                            undefined,
                          ]
                        }
                      >
                        開発者設定
                      </Text>
                    </View>
                    <View
                      style={
                        {
                          "paddingLeft": 16,
                        }
                      }
                    />
                    <View
                      style={
                        {
                          "alignItems": "flex-end",
                          "justifyContent": "center",
                        }
                      }
                    >
                      <Icon
                        name="navigate-next"
                        size={16}
                      />
                    </View>
                  </View>
                </View>
                <View
                  replaceTheme={[Function]}
                  style={
                    {
                      "borderBottomColor": "#bcbbc1",
                      "borderBottomWidth": 0.5,
                    }
                  }
                  testID="RNE__Divider"
                  theme={
                    {
                      "colors": {
                        "background": "#ffffff",
                        "black": "#242424",
                        "disabled": "hsl(208, 8%, 90%)",
                        "divider": "#bcbbc1",
                        "error": "#ff190c",
                        "grey0": "#393e42",
                        "grey1": "#43484d",
                        "grey2": "#5e6977",
                        "grey3": "#86939e",
                        "grey4": "#bdc6cf",
                        "grey5": "#e1e8ee",
                        "greyOutline": "#bbb",
                        "platform": {
                          "android": {
                            "error": "#f44336",
                            "grey": "rgba(0, 0, 0, 0.54)",
                            "primary": "#2196f3",
                            "searchBg": "#dcdce1",
                            "secondary": "#9C27B0",
                            "success": "#4caf50",
                            "warning": "#ffeb3b",
                          },
                          "default": {
                            "error": "#ff3b30",
                            "grey": "#7d7d7d",
                            "primary": "#007aff",
                            "searchBg": "#dcdce1",
                            "secondary": "#5856d6",
                            "success": "#4cd964",
                            "warning": "#ffcc00",
                          },
                          "ios": {
                            "error": "#ff3b30",
                            "grey": "#7d7d7d",
                            "primary": "#007aff",
                            "searchBg": "#dcdce1",
                            "secondary": "#5856d6",
                            "success": "#4cd964",
                            "warning": "#ffcc00",
                          },
                          "web": {
                            "error": "#ff190c",
                            "grey": "#393e42",
                            "primary": "#2089dc",
                            "searchBg": "#303337",
                            "secondary": "#ca71eb",
                            "success": "#52c41a",
                            "warning": "#faad14",
                          },
                        },
                        "primary": "#0075c2",
                        "searchBg": "#303337",
                        "secondary": "#e5007f",
                        "success": "#52c41a",
                        "warning": "#faad14",
                        "white": "#ffffff",
                      },
                      "mode": "light",
                      "spacing": {
                        "lg": 12,
                        "md": 8,
                        "sm": 4,
                        "xl": 24,
                        "xs": 2,
                      },
                    }
                  }
                  updateTheme={[Function]}
                />
                <View
                  replaceTheme={[Function]}
                  updateTheme={[Function]}
                >
                  <View
                    style={
                      {
                        "alignItems": "center",
                        "backgroundColor": "hsl(208, 8%, 90%)",
                        "borderColor": "#bcbbc1",
                        "flexDirection": "row",
                        "padding": 14,
                      }
                    }
                    testID="RNE__LISTITEM__padView"
                  >
                    <Text
                      style={
                        [
                          {
                            "color": "black",
                          },
                          {
                            "fontSize": 14,
                          },
                          {
                            "color": "#242424",
                            "fontWeight": "bold",
                          },
                        ]
                      }
                    >
                      その他
                    </Text>
                  </View>
                </View>
                <View
                  accessibilityState={
                    {
                      "busy": undefined,
                      "checked": undefined,
                      "disabled": undefined,
                      "expanded": undefined,
                      "selected": undefined,
                    }
                  }
                  accessibilityValue={
                    {
                      "max": undefined,
                      "min": undefined,
                      "now": undefined,
                      "text": undefined,
                    }
                  }
                  accessible={true}
                  collapsable={false}
                  focusable={true}
                  onBlur={[Function]}
                  onClick={[Function]}
                  onFocus={[Function]}
                  onResponderGrant={[Function]}
                  onResponderMove={[Function]}
                  onResponderRelease={[Function]}
                  onResponderTerminate={[Function]}
                  onResponderTerminationRequest={[Function]}
                  onStartShouldSetResponder={[Function]}
                  replaceTheme={[Function]}
                  updateTheme={[Function]}
                >
                  <View
                    style={
                      {
                        "alignItems": "center",
                        "backgroundColor": "#ffffff",
                        "borderColor": "#bcbbc1",
                        "flexDirection": "row",
                        "padding": 14,
                      }
                    }
                    testID="RNE__LISTITEM__padView"
                  >
                    <Text
                      accessibilityRole="text"
                      style={
                        {
                          "backgroundColor": "transparent",
                          "color": "#242424",
                          "fontSize": 17,
                        }
                      }
                      testID="listItemTitle"
                    >
                      <Text
                        style={
                          [
                            {
                              "color": "black",
                            },
                            {
                              "fontSize": 14,
                            },
                            undefined,
                          ]
                        }
                      >
                        ログアウト
                      </Text>
                    </Text>
                  </View>
                </View>
                <View
                  replaceTheme={[Function]}
                  updateTheme={[Function]}
                >
                  <View
                    style={
                      {
                        "alignItems": "center",
                        "backgroundColor": "hsl(208, 8%, 90%)",
                        "borderColor": "#bcbbc1",
                        "flexDirection": "row",
                        "padding": 14,
                      }
                    }
                    testID="RNE__LISTITEM__padView"
                  />
                </View>
                <View
                  replaceTheme={[Function]}
                  style={
                    {
                      "borderBottomColor": "#bcbbc1",
                      "borderBottomWidth": 0.5,
                    }
                  }
                  testID="RNE__Divider"
                  theme={
                    {
                      "colors": {
                        "background": "#ffffff",
                        "black": "#242424",
                        "disabled": "hsl(208, 8%, 90%)",
                        "divider": "#bcbbc1",
                        "error": "#ff190c",
                        "grey0": "#393e42",
                        "grey1": "#43484d",
                        "grey2": "#5e6977",
                        "grey3": "#86939e",
                        "grey4": "#bdc6cf",
                        "grey5": "#e1e8ee",
                        "greyOutline": "#bbb",
                        "platform": {
                          "android": {
                            "error": "#f44336",
                            "grey": "rgba(0, 0, 0, 0.54)",
                            "primary": "#2196f3",
                            "searchBg": "#dcdce1",
                            "secondary": "#9C27B0",
                            "success": "#4caf50",
                            "warning": "#ffeb3b",
                          },
                          "default": {
                            "error": "#ff3b30",
                            "grey": "#7d7d7d",
                            "primary": "#007aff",
                            "searchBg": "#dcdce1",
                            "secondary": "#5856d6",
                            "success": "#4cd964",
                            "warning": "#ffcc00",
                          },
                          "ios": {
                            "error": "#ff3b30",
                            "grey": "#7d7d7d",
                            "primary": "#007aff",
                            "searchBg": "#dcdce1",
                            "secondary": "#5856d6",
                            "success": "#4cd964",
                            "warning": "#ffcc00",
                          },
                          "web": {
                            "error": "#ff190c",
                            "grey": "#393e42",
                            "primary": "#2089dc",
                            "searchBg": "#303337",
                            "secondary": "#ca71eb",
                            "success": "#52c41a",
                            "warning": "#faad14",
                          },
                        },
                        "primary": "#0075c2",
                        "searchBg": "#303337",
                        "secondary": "#e5007f",
                        "success": "#52c41a",
                        "warning": "#faad14",
                        "white": "#ffffff",
                      },
                      "mode": "light",
                      "spacing": {
                        "lg": 12,
                        "md": 8,
                        "sm": 4,
                        "xl": 24,
                        "xs": 2,
                      },
                    }
                  }
                  updateTheme={[Function]}
                />
                <View
                  style={
                    {
                      "alignItems": "flex-end",
                      "padding": 12,
                    }
                  }
                >
                  <Text
                    onPress={[Function]}
                    style={
                      [
                        {
                          "color": "black",
                        },
                        {
                          "fontSize": 14,
                        },
                        undefined,
                      ]
                    }
                  >
                    <Text
                      style={
                        [
                          {
                            "color": "black",
                          },
                          {
                            "fontSize": 14,
                          },
                          {
                            "fontSize": 12,
                            "fontStyle": "italic",
                          },
                        ]
                      }
                    >
                      Developed by @hellofanapp
                    </Text>
                  </Text>
                  <Text
                    style={
                      [
                        {
                          "color": "black",
                        },
                        {
                          "fontSize": 14,
                        },
                        {
                          "fontSize": 12,
                          "fontStyle": "italic",
                        },
                      ]
                    }
                  >
                    Version 
                     (Buld: 
                    ios-unknown
                    )
                  </Text>
                  <Text
                    style={
                      [
                        {
                          "color": "black",
                        },
                        {
                          "fontSize": 14,
                        },
                        {
                          "fontSize": 12,
                          "fontStyle": "italic",
                        },
                      ]
                    }
                  >
                    ID: 
                    1
                     (
                    user
                    )
                  </Text>
                </View>
              </View>
            </RCTScrollView>
          </View>
        </View>
      </View>
      <RNSScreenStackHeaderConfig
        backButtonInCustomView={false}
        backTitle=""
        backTitleVisible={false}
        backgroundColor="#0075c2"
        color="white"
        direction="ltr"
        disableBackButtonMenu={false}
        hidden={false}
        hideBackButton={false}
        largeTitleHideShadow={false}
        title="/"
        titleColor="white"
        topInsetEnabled={false}
        translucent={false}
      />
    </RNSScreen>
  </RNSScreenStack>
</View>
`;
